<?xml version="1.0" encoding="UTF-8"?>
<testsuite name="tfsec" failures="2" tests="2">
	<testcase classname="/src/.terraform/modules/wowza.sa/main.tf" name="[azure-storage-default-action-deny][CRITICAL] - Resource &#39;module.wowza:module.sa:azurerm_storage_account.storage_account&#39; defines a default_action of Allow. It should be Deny." time="0">
		<failure message="Resource &#39;module.wowza:module.sa:azurerm_storage_account.storage_account&#39; defines a default_action of Allow. It should be Deny." type="">/src/.terraform/modules/wowza.sa/main.tf:22-60&#xA;      19 |   ]&#xD;&#xA;      20 | }&#xD;&#xA;      21 | &#xD;&#xA;      22 | resource &#34;azurerm_storage_account&#34; &#34;storage_account&#34; {&#xD;&#xA;      23 |   name                      = local.storage_account_name&#xD;&#xA;      24 |   resource_group_name       = var.resource_group_name&#xD;&#xA;      25 |   location                  = var.location&#xD;&#xA;      26 |   account_kind              = var.account_kind&#xD;&#xA;      27 |   account_tier              = var.account_tier&#xD;&#xA;      28 |   account_replication_type  = var.account_replication_type&#xD;&#xA;      29 |   access_tier               = var.access_tier&#xD;&#xA;      30 |   enable_https_traffic_only = var.enable_https_traffic_only&#xD;&#xA;      31 |   min_tls_version           = &#34;TLS1_2&#34;&#xD;&#xA;      32 | &#xD;&#xA;      33 |   dynamic &#34;blob_properties&#34; {&#xD;&#xA;      34 |     for_each = var.enable_data_protection == true ? [1] : []&#xD;&#xA;      35 |     content {&#xD;&#xA;      36 |       versioning_enabled = true&#xD;&#xA;      37 |       container_delete_retention_policy {&#xD;&#xA;      38 |         days = 7&#xD;&#xA;      39 |       }&#xD;&#xA;      40 |       delete_retention_policy {&#xD;&#xA;      41 |         days = 365&#xD;&#xA;      42 |       }&#xD;&#xA;      43 |     }&#xD;&#xA;      44 |   }&#xD;&#xA;      45 | &#xD;&#xA;      46 |   network_rules {&#xD;&#xA;      47 |     bypass                     = [&#34;AzureServices&#34;]&#xD;&#xA;      48 |     ip_rules                   = var.ip_rules&#xD;&#xA;      49 |     virtual_network_subnet_ids = var.sa_subnets&#xD;&#xA;      50 |     default_action             = var.default_action&#xD;&#xA;      51 |   }&#xD;&#xA;      52 | &#xD;&#xA;      53 |   tags = merge(var.common_tags,&#xD;&#xA;      54 |     tomap({&#xD;&#xA;      55 |       &#34;Deployment Environment&#34; = var.env,&#xD;&#xA;      56 |       &#34;Team Contact&#34;           = var.team_contact,&#xD;&#xA;      57 |       &#34;Destroy Me&#34;             = var.destroy_me&#xD;&#xA;      58 |     })&#xD;&#xA;      59 |   )&#xD;&#xA;      60 | }&#xD;&#xA;      61 | &#xD;&#xA;      62 | resource &#34;azurerm_storage_management_policy&#34; &#34;storage-account-policy&#34; {&#xD;&#xA;      63 |   count              = length(var.policy) &gt; 0 ? 1 : 0&#xD;&#xA;&#xA;https://tfsec.dev/docs/azure/storage/default-action-deny#azure/storage</failure>
	</testcase>
	<testcase classname="/src/modules/wowza/main.tf" name="[azure-network-ssh-blocked-from-internet][CRITICAL] - Resource &#39;module.wowza:azurerm_network_security_group.sg&#39; has a ." time="0">
		<failure message="Resource &#39;module.wowza:azurerm_network_security_group.sg&#39; has a ." type="">/src/modules/wowza/main.tf:125-135&#xA;     122 |     source_address_prefix      = &#34;*&#34;&#xD;&#xA;     123 |     destination_address_prefix = &#34;Internet&#34;&#xD;&#xA;     124 |   }&#xD;&#xA;     125 |   security_rule {&#xD;&#xA;     126 |     name                       = &#34;Sftp&#34;&#xD;&#xA;     127 |     priority                   = 1044&#xD;&#xA;     128 |     direction                  = &#34;Outbound&#34;&#xD;&#xA;     129 |     access                     = &#34;Allow&#34;&#xD;&#xA;     130 |     protocol                   = &#34;Tcp&#34;&#xD;&#xA;     131 |     source_port_range          = &#34;*&#34;&#xD;&#xA;     132 |     destination_port_range     = &#34;22&#34;&#xD;&#xA;     133 |     source_address_prefix      = &#34;*&#34;&#xD;&#xA;     134 |     destination_address_prefix = &#34;Internet&#34;&#xD;&#xA;     135 |   }&#xD;&#xA;     136 |   security_rule {&#xD;&#xA;     137 |     name                       = &#34;VNet&#34;&#xD;&#xA;     138 |     priority                   = 1045&#xD;&#xA;&#xA;https://tfsec.dev/docs/azure/network/ssh-blocked-from-internet#azure/network</failure>
	</testcase>
</testsuite>
